---
apiVersion: v1
kind: Secret
metadata:
  creationTimestamp: null
  labels:
    k8ify.ref-slug: mpi
    k8ify.service: nginx
  name: nginx-mpi-env
