services:
  nginx:
    image: docker.io/library/nginx
    ports:
      - '8080:80'