apiVersion: v1
kind: Secret
metadata:
  creationTimestamp: null
  labels:
    k8ify.ref-slug: oasp
    k8ify.volume: default-shared-data
  name: default-shared-data-oasp-luks-key
stringData:
  luksKey: passw1rd
