apiVersion: v1
kind: Service
metadata:
  creationTimestamp: null
  labels:
    k8ify.ref-slug: oasp
    k8ify.service: share-1
  name: share-1-oasp
spec:
  selector:
    k8ify.ref-slug: oasp
    k8ify.service: share-1
status:
  loadBalancer: {}
