apiVersion: v1
kind: Secret
metadata:
  creationTimestamp: null
  labels:
    k8ify.ref-slug: oasp
    k8ify.volume: shared-data
  name: shared-data-oasp-luks-key
stringData:
  luksKey: passw2rd
