apiVersion: v1
kind: Secret
metadata:
  creationTimestamp: null
  labels:
    k8ify.service: singleton-db
  name: singleton-db-storage-singleton-db-0-luks-key
stringData:
  luksKey: passw3rd
