apiVersion: v1
kind: Secret
metadata:
  creationTimestamp: null
  labels:
    k8ify.service: mongo
  name: mongo-env
