---
apiVersion: networking.k8s.io/v1
kind: Ingress
metadata:
  annotations:
    cert-manager.io/cluster-issuer: letsencrypt-production
  creationTimestamp: null
  labels:
    k8ify.ref-slug: mpi
    k8ify.service: portal
  name: portal-mpi-8001
spec:
  rules:
  - host: portal-k8ify.apps.cloudscale-lpg-2.appuio.cloud
    http:
      paths:
      - backend:
          service:
            name: portal-mpi
            port:
              number: 8001
        path: /
        pathType: Prefix
  tls:
  - hosts:
    - portal-k8ify.apps.cloudscale-lpg-2.appuio.cloud
    secretName: portal-mpi-8001-tls
status:
  loadBalancer: {}
