---
apiVersion: v1
kind: PersistentVolumeClaim
metadata:
  creationTimestamp: null
  labels:
    k8ify.ref-slug: mpi
    k8ify.service: portal
  name: portal-mpi-claim0
spec:
  accessModes:
  - ReadWriteMany
  resources:
    requests:
      storage: 100Mi
status: {}
