---
apiVersion: v1
kind: Secret
metadata:
  creationTimestamp: null
  labels:
    k8ify.ref-slug: mpi
    k8ify.service: portal
  name: portal-mpi-env
stringData:
  mongodb_database: portal
  mongodb_disable_tls: "true"
  mongodb_hostname: mongo
  mongodb_password: very secret yeah
  mongodb_username: portal
