services:
  portal:
    image: image-registry.openshift-image-registry.svc:5000/portal/portal:latest
    deploy:
      replicas: 2
      resources:
        reservations:
          cpus: "0.1"
          memory: 2G
    labels:
      k8ify.expose.8001: "portal-k8ify.apps.cloudscale-lpg-2.appuio.cloud"
      k8ify.expose.9001: "portal-k8ify-admin.apps.cloudscale-lpg-2.appuio.cloud"
      k8ify.share-storage: true
      k8ify.liveness.path: /health/alive
      k8ify.readiness.path: /health/ready
      k8ify.readiness.scheme: HTTPS
      k8ify.readiness.periodSeconds: 31
      k8ify.readiness.timeoutSeconds: 59
      k8ify.readiness.initialDelaySeconds: 5
      k8ify.readiness.successThreshold: 2
      k8ify.readiness.failureThreshold: 4
      k8ify.startup.path: /health/started
      k8ify.serviceAccountName: portalk8saccess
      k8ify.Ingress.annotations.cert-manager.io/cluster-issuer: letsencrypt-production
    environment:
      - mongodb_hostname=mongo
      - mongodb_username=portal
      - mongodb_password=$prod_mongodb_password
      - mongodb_disable_tls=true
  mongo:
    labels:
      k8ify.Pod.annotations.k8up.io/backupcommand: "sh -c 'mongodump --username=$$MONGODB_ROOT_USER --password=$$MONGODB_ROOT_PASSWORD --archive'"
      k8ify.Pod.annotations.k8up.io/file-extension: ".archive"
      k8ify.annotations.k8up.io/file-extension: "defaultvalue"
      k8ify.annotations.helloWorld: "Hello World!"
      k8ify.singleton: true
    deploy:
      resources:
        limits:
          memory: 8G
        reservations:
          cpus: "0.5"
          memory: 4G

volumes:
  mongodb_data:
    labels:
      k8ify.singleton: true
