services:
  mongo:
    image: mongo:4.0
    restart: always
    ports:
      - "127.0.0.1:27017:27017"
    volumes:
      - mongodb_data:/data/db
  portal:
    labels:
      k8ify.enableServiceLinks: "true"
    image: vshn/portal:dev
    build:
      target: base
      context: .
      args:
        USER_ID: ${UID:-0}
        GROUP_ID: ${GID:-0}
    ports:
      - "8001:8000"
      - "9001:9000"
    volumes:
      - ./:/src
    entrypoint:
      - echo
    command:
      - "Hello World"
      - "and hi k8ify!"
    stdin_open: true
    tty: true
    user: ${UID:-0}:${GID:-0}
    environment:
      - mongodb_hostname=localhost
      - mongodb_database=portal
volumes:
  mongodb_data:
