apiVersion: v1
kind: Service
metadata:
  creationTimestamp: null
  labels:
    k8ify.ref-slug: oasp
    k8ify.service: fooBar
  name: fooBar-oasp
spec:
  selector:
    k8ify.ref-slug: oasp
    k8ify.service: fooBar
status:
  loadBalancer: {}
