apiVersion: v1
kind: Secret
metadata:
  creationTimestamp: null
  labels:
    k8ify.ref-slug: oasp
    k8ify.service: part-of-deployment
  name: part-of-deployment-oasp-env
stringData:
  BAR: two
  FOO: one
  something_else: three
