apiVersion: v1
kind: Secret
metadata:
  creationTimestamp: null
  labels:
    k8ify.ref-slug: oasp
    k8ify.service: part-of-deployment
  name: part-of-deployment-oasp-image-pull
stringData:
  .dockerconfigjson: |
    {
      "auths": {
        "https://index.docker.io/v1/": {
          "auth": "foo-baz"
        }
      }
    }
type: kubernetes.io/dockerconfigjson
