apiVersion: v1
kind: Secret
metadata:
  creationTimestamp: null
  labels:
    k8ify.service: part-of-statefullset
  name: part-of-statefullset-env
stringData:
  BAR: two
  FOO: one
  something_else: three
