apiVersion: v1
kind: Secret
metadata:
  creationTimestamp: null
  labels:
    k8ify.service: regular-statefullset
  name: regular-statefullset-env
stringData:
  BAR: two
  FOO: one
  something_else: three
