apiVersion: v1
kind: Secret
metadata:
  creationTimestamp: null
  labels:
    k8ify.service: regular-statefullset
  name: regular-statefullset-imagePull
stringData:
  .dockerconfigjson: |
    {
      "auths": {
        "https://index.docker.io/v1/": {
          "auth": "bar"
        }
      }
    }
type: kubernetes.io/dockerconfigjson
