apiVersion: v1
kind: Secret
metadata:
  creationTimestamp: null
  labels:
    k8ify.ref-slug: oasp
    k8ify.service: regular-deployment
  name: regular-deployment-oasp-env
stringData:
  BAR: two
  FOO: one
  something_else: three
