apiVersion: v1
kind: Secret
metadata:
  creationTimestamp: null
  labels:
    k8ify.ref-slug: oasp
    k8ify.service: regular-deployment
  name: regular-deployment-oasp-imagePull
stringData:
  .dockerconfigjson: |
    {
      "auths": {
        "https://index.docker.io/v1/": {
          "auth": "foo"
        }
      }
    }
type: kubernetes.io/dockerconfigjson
