---
environments:
  prod:
    vars:
      prod_mongodb_password: very secret yeah
      UID: "42"
      GID: "42"
