---
apiVersion: v1
kind: Service
metadata:
  creationTimestamp: null
  labels:
    k8ify.ref-slug: oasp
    k8ify.service: share-0
  name: share-0-oasp
spec:
  selector:
    k8ify.ref-slug: oasp
    k8ify.service: share-0
status:
  loadBalancer: {}
