---
apiVersion: v1
kind: PersistentVolumeClaim
metadata:
  creationTimestamp: null
  labels:
    k8ify.ref-slug: oas
    k8ify.volume: shared-data
  name: shared-data-oas
spec:
  accessModes:
  - ReadWriteMany
  resources:
    requests:
      storage: 100Mi
status: {}
