---
apiVersion: v1
kind: Secret
metadata:
  creationTimestamp: null
  labels:
    k8ify.ref-slug: oasp
    k8ify.service: share-1
  name: share-1-oasp-env
