apiVersion: v1
kind: PersistentVolumeClaim
metadata:
  creationTimestamp: null
  labels:
    k8ify.ref-slug: oasp
    k8ify.volume: shared-data
  name: shared-data-oasp
spec:
  accessModes:
  - ReadWriteMany
  resources:
    requests:
      storage: 1Gi
status: {}
