---
apiVersion: v1
kind: Service
metadata:
  creationTimestamp: null
  labels:
    k8ify.service: singleton-db
  name: singleton-db
spec:
  selector:
    k8ify.service: singleton-db
status:
  loadBalancer: {}
