apiVersion: v1
kind: Secret
metadata:
  creationTimestamp: null
  labels:
    k8ify.ref-slug: oasp
    k8ify.service: pinger
  name: pinger-oasp-env
stringData:
  testempty1: ""
  testempty2: ""
  testempty3: ""
  testnotempty: asdf
