services:
  pinger:
    image: pinger:4.0
    environment:
      testempty1: ""
      testempty2: $foo
      testempty3: $bar
      testempty4:
      testempty5: null
      testnotempty: $baz
